// Jest Snapshot v1, https://goo.gl/fbAQLP

exports[`components/model/show/Card.tsx スナップショットが一致する 1`] = `
<DocumentFragment>
  <div
    class="w-full bg-[#252332] hover:bg-[#2a2838] rounded-[5px] transition"
  >
    <a
      class="flex flex-col p-[15px] h-full"
      href="/show/6F34Z6K3gaI1iLiRdXhdGt"
    >
      <span
        style="box-sizing: border-box; display: block; overflow: hidden; background: none; opacity: 1; border: 0px; margin: 0px; padding: 0px; position: relative;"
      >
        <span
          style="box-sizing: border-box; display: block; background: none; opacity: 1; border: 0px; margin: 0px; padding: 100% 0px 0px 0px;"
        />
        <img
          alt="英語で雑談！Kevin’s English Room Podcast"
          class="rounded-[9px]"
          data-nimg="responsive"
          decoding="async"
          src="data:image/gif;base64,R0lGODlhAQABAIAAAAAAAP///yH5BAEAAAAALAAAAAABAAEAAAIBRAA7"
          style="position: absolute; top: 0px; left: 0px; bottom: 0px; right: 0px; box-sizing: border-box; padding: 0px; margin: auto; display: block; width: 0px; height: 0px; min-width: 100%; max-width: 100%; min-height: 100%; max-height: 100%;"
        />
        <noscript />
      </span>
      <p
        class="mt-[9px] text-16px font-bold"
      >
        英語で雑談！Kevin’s English Room Podcast
      </p>
      <p
        class="mt-[6px] text-13px"
      >
        ケビン (Kevin's English Room)
      </p>
    </a>
  </div>
</DocumentFragment>
`;
