// Jest Snapshot v1, https://goo.gl/fbAQLP

exports[`components/ui/Spinner.tsx スナップショットが一致する 1`] = `
<DocumentFragment>
  <div
    class="flex justify-center"
  >
    <div
      class="inline-block w-8 h-8 rounded-full border-4 border-[#5d5f81] border-t-transparent animate-spin"
    />
  </div>
</DocumentFragment>
`;
